
> reclamtrack-frontend@1.0.0 build
> next build

   Ôû▓ Next.js 15.1.12
   - Environments: .env.local, .env

   Creating an optimized production build ...
 Ô£ô Compiled successfully
   Skipping linting
   Checking validity of types ...
   Collecting page data ...
   Generating static pages (0/12) ...
   Generating static pages (3/12) 
   Generating static pages (6/12) 
   Generating static pages (9/12) 
 Ô£ô Generating static pages (12/12)
   Finalizing page optimization ...
   Collecting build traces ...

Route (app)                                       Size     First Load JS
Ôöî Ôùï /_not-found                                   987 B           107 kB
Ôö£ ãÆ /[locale]                                     3.75 kB         131 kB
Ôö£ ãÆ /[locale]/about                               213 B           110 kB
Ôö£ ãÆ /[locale]/admin-db                            15.8 kB         143 kB
Ôö£ ãÆ /[locale]/admin/audit                         4.74 kB         155 kB
Ôö£ ãÆ /[locale]/admin/categories                    2.54 kB         112 kB
Ôö£ ãÆ /[locale]/admin/communication                 2.91 kB         150 kB
Ôö£ ãÆ /[locale]/admin/complaints/control            7.59 kB         171 kB
Ôö£ ãÆ /[locale]/admin/dashboards/database-topology  2.48 kB         125 kB
Ôö£ ãÆ /[locale]/admin/dashboards/material-workflow  3.15 kB         109 kB
Ôö£ ãÆ /[locale]/admin/devops                        3.52 kB         113 kB
Ôö£ ãÆ /[locale]/admin/devops/advanced-db            2.3 kB          117 kB
Ôö£ ãÆ /[locale]/admin/devops/apm                    4.33 kB         114 kB
Ôö£ ãÆ /[locale]/admin/devops/architecture           7.1 kB          116 kB
Ôö£ ãÆ /[locale]/admin/devops/backup                 3.77 kB         114 kB
Ôö£ ãÆ /[locale]/admin/devops/cdn-monitor            2.86 kB         113 kB
Ôö£ ãÆ /[locale]/admin/devops/chaos                  4.88 kB         135 kB
Ôö£ ãÆ /[locale]/admin/devops/chaos-hub              4.29 kB         114 kB
Ôö£ ãÆ /[locale]/admin/devops/cloudmonitor           4.61 kB         114 kB
Ôö£ ãÆ /[locale]/admin/devops/compliance             3.18 kB         113 kB
Ôö£ ãÆ /[locale]/admin/devops/cost-optimization      2.86 kB         113 kB
Ôö£ ãÆ /[locale]/admin/devops/database-hub           4.64 kB         114 kB
Ôö£ ãÆ /[locale]/admin/devops/db-query               3.46 kB         113 kB
Ôö£ ãÆ /[locale]/admin/devops/diagnostics            832 B           111 kB
Ôö£ ãÆ /[locale]/admin/devops/drift                  3.57 kB         113 kB
Ôö£ ãÆ /[locale]/admin/devops/edgeroute              6.27 kB         137 kB
Ôö£ ãÆ /[locale]/admin/devops/failover               3.8 kB          110 kB
Ôö£ ãÆ /[locale]/admin/devops/firewall-rules         2.86 kB         113 kB
Ôö£ ãÆ /[locale]/admin/devops/gslb                   201 B           106 kB
Ôö£ ãÆ /[locale]/admin/devops/guardian               4.58 kB         135 kB
Ôö£ ãÆ /[locale]/admin/devops/health                 3.93 kB         110 kB
Ôö£ ãÆ /[locale]/admin/devops/iac                    3.24 kB         109 kB
Ôö£ ãÆ /[locale]/admin/devops/kubernetes             4.05 kB         114 kB
Ôö£ ãÆ /[locale]/admin/devops/kubernetes/node/[id]   4.98 kB         111 kB
Ôö£ ãÆ /[locale]/admin/devops/logs                   3.61 kB         110 kB
Ôö£ ãÆ /[locale]/admin/devops/mailbox                5.63 kB         136 kB
Ôö£ ãÆ /[locale]/admin/devops/microservices          809 B           111 kB
Ôö£ ãÆ /[locale]/admin/devops/network                768 B           111 kB
Ôö£ ãÆ /[locale]/admin/devops/pii                    3.85 kB         110 kB
Ôö£ ãÆ /[locale]/admin/devops/pii-discovery          3.54 kB         110 kB
Ôö£ ãÆ /[locale]/admin/devops/post-mortem            2.86 kB         113 kB
Ôö£ ãÆ /[locale]/admin/devops/queryviz               3.87 kB         110 kB
Ôö£ ãÆ /[locale]/admin/devops/queue                  3.63 kB         113 kB
Ôö£ ãÆ /[locale]/admin/devops/rate-limiting          3.96 kB         114 kB
Ôö£ ãÆ /[locale]/admin/devops/rbac                   976 B           111 kB
Ôö£ ãÆ /[locale]/admin/devops/secret-vault           7.35 kB         193 kB
Ôö£ ãÆ /[locale]/admin/devops/secrets                4.85 kB         135 kB
Ôö£ ãÆ /[locale]/admin/devops/security               6.21 kB         137 kB
Ôö£ ãÆ /[locale]/admin/devops/security-center        7.66 kB         171 kB
Ôö£ ãÆ /[locale]/admin/devops/sql                    3.6 kB          110 kB
Ôö£ ãÆ /[locale]/admin/devops/ssl-manager            4.84 kB         115 kB
Ôö£ ãÆ /[locale]/admin/devops/support-portal         2.86 kB         113 kB
Ôö£ ãÆ /[locale]/admin/devops/system-topology        2.86 kB         113 kB
Ôö£ ãÆ /[locale]/admin/devops/teams                  2.45 kB         112 kB
Ôö£ ãÆ /[locale]/admin/devops/trace                  3.25 kB         125 kB
Ôö£ ãÆ /[locale]/admin/devops/vault                  3.05 kB         125 kB
Ôö£ ãÆ /[locale]/admin/devops/waf                    5.23 kB         136 kB
Ôö£ ãÆ /[locale]/admin/export-settings               3.09 kB         137 kB
Ôö£ ãÆ /[locale]/admin/finance/costs                 3.23 kB         113 kB
Ôö£ ãÆ /[locale]/admin/info                          2.72 kB         112 kB
Ôö£ ãÆ /[locale]/admin/integrations                  2.9 kB          113 kB
Ôö£ ãÆ /[locale]/admin/it-assets                     1.76 kB         132 kB
Ôö£ ãÆ /[locale]/admin/it-helpdesk                   1.95 kB         139 kB
Ôö£ ãÆ /[locale]/admin/monitoring                    3.82 kB         134 kB
Ôö£ ãÆ /[locale]/admin/security                      7.64 kB         175 kB
Ôö£ ãÆ /[locale]/admin/teams                         3.49 kB         197 kB
Ôö£ ãÆ /[locale]/admin/users                         2.8 kB          109 kB
Ôö£ ãÆ /[locale]/analytics                           7.82 kB         296 kB
Ôö£ ãÆ /[locale]/analytics/satisfaction              20.3 kB         536 kB
Ôö£ ãÆ /[locale]/audit-logs                          4.38 kB         178 kB
Ôö£ ãÆ /[locale]/blog                                213 B           110 kB
Ôö£ ãÆ /[locale]/careers                             213 B           110 kB
Ôö£ ãÆ /[locale]/checkout                            3.53 kB         113 kB
Ôö£ ãÆ /[locale]/checkout/success                    4.3 kB          139 kB
Ôö£ ãÆ /[locale]/complaints                          201 B           106 kB
Ôö£ ãÆ /[locale]/complaints/[id]                     8.09 kB         200 kB
Ôö£ ãÆ /[locale]/complaints/list                     6.1 kB          182 kB
Ôö£ ãÆ /[locale]/complaints/new                      27.4 kB         217 kB
Ôö£ ãÆ /[locale]/contact                             2.97 kB         113 kB
Ôö£ ãÆ /[locale]/dashboard                           10.5 kB         202 kB
Ôö£ ãÆ /[locale]/dashboard/dashboard                 201 B           106 kB
Ôö£ ãÆ /[locale]/dashboard/legacy                    3.49 kB         126 kB
Ôö£ ãÆ /[locale]/debug                               1.71 kB         228 kB
Ôö£ ãÆ /[locale]/feedback                            3.7 kB          135 kB
Ôö£ ãÆ /[locale]/feedback/satisfaction               4.67 kB         258 kB
Ôö£ ãÆ /[locale]/fleet                               6.64 kB         141 kB
Ôö£ ãÆ /[locale]/fleet/complaints                    3.81 kB         110 kB
Ôö£ ãÆ /[locale]/fleet/interventions                 2.6 kB          109 kB
Ôö£ ãÆ /[locale]/fleet/map                           38.3 kB         169 kB
Ôö£ ãÆ /[locale]/fleet/settings                      2.43 kB         109 kB
Ôö£ ãÆ /[locale]/fleet/vehicles/new                  1.63 kB         111 kB
Ôö£ ãÆ /[locale]/forgot-password                     5.18 kB         151 kB
Ôö£ ãÆ /[locale]/help                                213 B           110 kB
Ôö£ ãÆ /[locale]/inventory                           201 B           106 kB
Ôö£ ãÆ /[locale]/inventory/approvals                 3.11 kB         113 kB
Ôö£ ãÆ /[locale]/inventory/inventory                 3.23 kB         113 kB
Ôö£ ãÆ /[locale]/inventory/inventory/advanced        3.01 kB         113 kB
Ôö£ ãÆ /[locale]/inventory/request                   13 kB           133 kB
Ôö£ ãÆ /[locale]/inventory/requisition               4.29 kB         144 kB
Ôö£ ãÆ /[locale]/it-admin                            3.61 kB         150 kB
Ôö£ ãÆ /[locale]/it-admin/active-directory           6.53 kB         141 kB
Ôö£ ãÆ /[locale]/it-admin/assets                     9.49 kB         201 kB
Ôö£ ãÆ /[locale]/it-admin/network                    9.32 kB         204 kB
Ôö£ ãÆ /[locale]/it-admin/network/scan               3.52 kB         154 kB
Ôö£ ãÆ /[locale]/it-admin/tickets                    9.43 kB         201 kB
Ôö£ ãÆ /[locale]/knowledge                           3.89 kB         114 kB
Ôö£ ãÆ /[locale]/legal/cookies                       213 B           110 kB
Ôö£ ãÆ /[locale]/legal/gdpr                          213 B           110 kB
Ôö£ ãÆ /[locale]/legal/privacy                       213 B           110 kB
Ôö£ ãÆ /[locale]/legal/terms                         213 B           110 kB
Ôö£ ãÆ /[locale]/login                               6.03 kB         158 kB
Ôö£ ãÆ /[locale]/map                                 60 kB           237 kB
Ôö£ ãÆ /[locale]/messages                            1.77 kB         108 kB
Ôö£ ãÆ /[locale]/org-select                          6.61 kB         210 kB
Ôö£ ãÆ /[locale]/planning                            87.8 kB         307 kB
Ôö£ ãÆ /[locale]/press                               213 B           110 kB
Ôö£ ãÆ /[locale]/pricing                             9.08 kB         156 kB
Ôö£ ãÆ /[locale]/pricing/summary                     2.84 kB         113 kB
Ôö£ ãÆ /[locale]/register                            5.62 kB         192 kB
Ôö£ ãÆ /[locale]/reports                             5.3 kB          405 kB
Ôö£ ãÆ /[locale]/reports/analytics/heatmap           2.9 kB          118 kB
Ôö£ ãÆ /[locale]/reports/analytics/satisfaction      3.83 kB         119 kB
Ôö£ ãÆ /[locale]/reset-password                      5.59 kB         152 kB
Ôö£ ãÆ /[locale]/roster                              3.72 kB         173 kB
Ôö£ ãÆ /[locale]/roster-scheduler                    5.63 kB         124 kB
Ôö£ ãÆ /[locale]/roster-scheduler/conflicts          3.05 kB         113 kB
Ôö£ ãÆ /[locale]/roster-scheduler/team/[id]          3.18 kB         113 kB
Ôö£ ãÆ /[locale]/services                            2.16 kB         112 kB
Ôö£ ãÆ /[locale]/services/education                  310 B           122 kB
Ôö£ ãÆ /[locale]/services/education/dashboard        4.83 kB         219 kB
Ôö£ ãÆ /[locale]/services/governance                 201 B           106 kB
Ôö£ ãÆ /[locale]/services/healthcare                 310 B           122 kB
Ôö£ ãÆ /[locale]/services/healthcare/dashboard       4.46 kB         219 kB
Ôö£ ãÆ /[locale]/services/hospitality                286 B           119 kB
Ôö£ ãÆ /[locale]/services/infrastructure             310 B           122 kB
Ôö£ ãÆ /[locale]/services/infrastructure/dashboard   5.03 kB         220 kB
Ôö£ ãÆ /[locale]/services/pressing                   213 B           110 kB
Ôö£ ãÆ /[locale]/services/pressing/checkout          4.47 kB         114 kB
Ôö£ ãÆ /[locale]/services/pressing/checkout/success  213 B           110 kB
Ôö£ ãÆ /[locale]/settings                            1.44 kB         108 kB
Ôö£ ãÆ /[locale]/settings/notifications              2.87 kB         109 kB
Ôö£ ãÆ /[locale]/settings/organization/members       2.84 kB         193 kB
Ôö£ ãÆ /[locale]/staff                               3.83 kB         178 kB
Ôö£ ãÆ /[locale]/staff/leave                         7.56 kB         186 kB
Ôö£ ãÆ /[locale]/status                              213 B           110 kB
Ôö£ ãÆ /[locale]/system-info                         4.13 kB         114 kB
Ôö£ ãÆ /[locale]/teams                               2.34 kB         171 kB
Ôö£ ãÆ /[locale]/teams/[id]                          3.28 kB         113 kB
Ôö£ ãÆ /[locale]/teams/planning                      3.4 kB          109 kB
Ôö£ ãÆ /[locale]/teams/scheduler                     6.85 kB         129 kB
Ôö£ ãÆ /[locale]/technician                          5.55 kB         235 kB
Ôö£ ãÆ /[locale]/test-supabase                       201 B           106 kB
Ôö£ ãÆ /[locale]/verify-email                        4.77 kB         151 kB
Ôö£ ãÆ /[locale]/wasm-test                           1.81 kB         108 kB
Ôö£ ãÆ /api/audit                                    201 B           106 kB
Ôö£ ãÆ /api/audit/logs                               201 B           106 kB
Ôö£ ãÆ /api/cron/jobs                                201 B           106 kB
Ôö£ ãÆ /api/feedback/satisfaction                    201 B           106 kB
Ôö£ ãÆ /api/flashback                                201 B           106 kB
Ôö£ ãÆ /api/materials                                201 B           106 kB
Ôö£ ãÆ /api/orders                                   201 B           106 kB
Ôö£ ãÆ /api/requisitions                             201 B           106 kB
Ôöö Ôùï /icon.png                                     0 B                0 B
+ First Load JS shared by all                     106 kB
  Ôö£ chunks/6239-55da53e1cff18763.js               50.9 kB
  Ôö£ chunks/c7879cf7-20c0959a1124bfec.js           53 kB
  Ôöö other shared chunks (total)                   2.26 kB


ãÆ Middleware                                      43.1 kB

Ôùï  (Static)   prerendered as static content
ãÆ  (Dynamic)  server-rendered on demand

